// Jest Snapshot v1, https://goo.gl/fbAQLP

exports[`should render properly 1`] = `
<Input
  id="my-id"
  name="username"
  onChange={[MockFunction]}
  required={true}
  value="Shaquille O Neal"
>
  <input
    className="col-md-6 form-control"
    id="my-id"
    name="username"
    onChange={[MockFunction]}
    required={true}
    type="text"
    value="Shaquille O Neal"
  />
</Input>
`;
