// Jest Snapshot v1, https://goo.gl/fbAQLP

exports[`should render properly 1`] = `
<StripeElementsForm
  billingAddressDetails={
    Object {
      "city": "South Park",
      "country": "US",
      "line1": "1002 Avenue de los Mexicanos",
      "line2": "",
      "postal_code": "80440",
      "state": "CO",
    }
  }
  isCreditCardStored={false}
  setupIntentSecret="efgh"
  stripePublishableKey="abcd"
  successUrl="/Broflovski/Residence"
>
  <Elements
    stripe={Promise {}}
  >
    <CardForm
      billingAddressDetails={
        Object {
          "city": "South Park",
          "country": "US",
          "line1": "1002 Avenue de los Mexicanos",
          "line2": "",
          "postal_code": "80440",
          "state": "CO",
        }
      }
      isCreditCardStored={false}
      setupIntentSecret="efgh"
      successUrl="/Broflovski/Residence"
    >
      <div
        className="well StripeElementsForm"
      >
        <EditCreditCardDetails
          isStripeFormVisible={true}
          onToogleVisibility={[Function]}
        >
          <a
            className="editCardButton"
            onClick={[Function]}
          >
            <i
              className="fa fa-chevron-left"
            />
            <span>
              cancel
            </span>
          </a>
        </EditCreditCardDetails>
        <form
          acceptCharset="UTF-8"
          action="/Broflovski/Residence"
          className=""
          id="stripe-form"
          method="post"
          onSubmit={[Function]}
        >
          <fieldset>
            <legend>
              Credit card details
            </legend>
            <CardElement
              className="col-md-12"
              onChange={[Function]}
              options={
                Object {
                  "classes": Object {
                    "empty": "is-empty",
                    "focus": "is-focused",
                  },
                  "iconStyle": "solid",
                  "style": Object {
                    "base": Object {
                      "::placeholder": Object {
                        "color": "#3f454c",
                      },
                      "color": "black",
                      "fontFamily": "\\"Helvetica Neue\\", Helvetica, sans-serif",
                      "fontSize": "19px",
                      "fontWeight": 300,
                      "iconColor": "#8898AA",
                    },
                    "invalid": Object {
                      "color": "#e85746",
                      "iconColor": "#e85746",
                    },
                  },
                }
              }
            >
              <div
                className="col-md-12"
              />
            </CardElement>
          </fieldset>
          <fieldset>
            <div
              className="form-group"
            >
              <div
                className="col-md-10 operations"
              >
                <button
                  className="btn btn-primary pull-right"
                  disabled={true}
                  id="stripe-submit"
                  type="submit"
                >
                  Save details
                </button>
              </div>
            </div>
          </fieldset>
          <input
            id="stripe_payment_method_id"
            name="stripe[payment_method_id]"
            type="hidden"
            value=""
          />
          <CSRFToken />
        </form>
      </div>
    </CardForm>
  </Elements>
</StripeElementsForm>
`;
