// Jest Snapshot v1, https://goo.gl/fbAQLP

exports[`should render itself 1`] = `
<ForgotCredentials
  requestPasswordResetPath="login-path"
>
  <LoginMainFooterBandItem>
    <p
      className="pf-c-login__main-footer-band-item"
    >
      <a
        href="login-path"
      >
        Forgot password?
      </a>
    </p>
  </LoginMainFooterBandItem>
</ForgotCredentials>
`;
