// Jest Snapshot v1, https://goo.gl/fbAQLP

exports[`should render a table with Name, Applications and State 1`] = `
Array [
  <th
    className=""
    data-key={0}
    data-label="Name"
    onMouseEnter={[Function]}
    scope="col"
  >
    Name
  </th>,
  <th
    className=""
    data-key={1}
    data-label="Applications"
    onMouseEnter={[Function]}
    scope="col"
  >
    Applications
  </th>,
  <th
    className=""
    data-key={2}
    data-label="State"
    onMouseEnter={[Function]}
    scope="col"
  >
    State
  </th>,
]
`;
