// Jest Snapshot v1, https://goo.gl/fbAQLP

exports[`should not render when there is an auth token already 1`] = `null`;

exports[`should render the Login page 1`] = `
<div
  alt="background_img_alt"
  class="pf-c-background-image css-72krlk"
>
  <svg
    class="pf-c-background-image__filter"
    height="0"
    width="0"
    xmlns="http://www.w3.org/2000/svg"
  >
    <filter
      id="image_overlay"
    >
      <fecolormatrix
        type="matrix"
        values="1 0 0 0 0 1 0 0 0 0 1 0 0 0 0 0 0 0 1 0"
      />
      <fecomponenttransfer
        color-interpolation-filters="sRGB"
        result="duotone"
      >
        <fefuncr
          tableValues="0.086274509803922 0.43921568627451"
          type="table"
        />
        <fefuncg
          tableValues="0.086274509803922 0.43921568627451"
          type="table"
        />
        <fefuncb
          tableValues="0.086274509803922 0.43921568627451"
          type="table"
        />
        <fefunca
          tableValues="0 1"
          type="table"
        />
      </fecomponenttransfer>
    </filter>
  </svg>
</div>
`;
