// Jest Snapshot v1, https://goo.gl/fbAQLP

exports[`should render correctly 1`] = `
<TextInputGroup
  defaultValue="Le Monstre"
  hint="Enter your favourite Dooz Kawa tune"
  label=""
  name="dooz_kawa_chanson"
  placeholder="You Favourite Dooz Kawa"
  value="Me Faire La Belle"
>
  <FormGroup
    fieldId="service_proxy_attributes_dooz_kawa_chanson_input"
    helperText="Enter your favourite Dooz Kawa tune"
    label=""
  >
    <GenerateId
      prefix="pf-random-id-"
    >
      <div
        className="pf-c-form__group"
      >
        <div
          className="pf-c-form__group-control"
        >
          <TextInput
            id="service_proxy_attributes_dooz_kawa_chanson_input"
            isReadOnly={false}
            name="service[proxy_attributes][dooz_kawa_chanson]"
            onChange={[Function]}
            placeholder="You Favourite Dooz Kawa"
            type="text"
            value="Me Faire La Belle"
          >
            <TextInputBase
              aria-label={null}
              className=""
              id="service_proxy_attributes_dooz_kawa_chanson_input"
              innerRef={null}
              isDisabled={false}
              isIconSprite={false}
              isLeftTruncated={false}
              isReadOnly={false}
              isRequired={false}
              name="service[proxy_attributes][dooz_kawa_chanson]"
              onChange={[Function]}
              ouiaSafe={true}
              placeholder="You Favourite Dooz Kawa"
              type="text"
              validated="default"
              value="Me Faire La Belle"
            >
              <input
                aria-invalid={false}
                aria-label={null}
                className="pf-c-form-control"
                data-ouia-component-id="OUIA-Generated-TextInputBase-1"
                data-ouia-component-type="PF4/TextInput"
                data-ouia-safe={true}
                disabled={false}
                id="service_proxy_attributes_dooz_kawa_chanson_input"
                name="service[proxy_attributes][dooz_kawa_chanson]"
                onBlur={[Function]}
                onChange={[Function]}
                onFocus={[Function]}
                placeholder="You Favourite Dooz Kawa"
                required={false}
                type="text"
                value="Me Faire La Belle"
              />
            </TextInputBase>
          </TextInput>
          <div
            aria-live="polite"
            className="pf-c-form__helper-text"
            id="service_proxy_attributes_dooz_kawa_chanson_input-helper"
          >
            Enter your favourite Dooz Kawa tune
          </div>
        </div>
      </div>
    </GenerateId>
  </FormGroup>
</TextInputGroup>
`;
